[
	[
		"validation",
		"error",
		"value 'true' is not a number",
		2,
		10,
		2,
		14
	]
]