[
	[
		"property",
		"component types"
	],
	[
		"property",
		"root type"
	],
	[
		"value",
		"root"
	]
]