{
	"3:25-26": {
		"hoverText": "component types"
	},
	"5:5-6": {
		"hoverText": "component types"
	}
}