[
    [ "deserialization", "warning", "expected a verbose type: ( )", 2, 1, 2, 2],
    [ "deserialization", "warning", "expected a dictionary: { }", 3, 25, 3, 26],
    [ "deserialization", "error", "unexpected property: 'a'. Choose from 'component types', 'root type'", 6, 5, 6, 8],
    [ "deserialization", "error", "unexpected property: 'b'. Choose from 'component types', 'root type'", 7, 5, 7, 8],
    [ "deserialization", "error", "property 'component types' has default value, remove", 3, 5, 3, 22]
]