[
	[
		"schema retrieval",
		"error",
		"error in external schema: component type 'nonexistent' not found",
		null,
		null,
		null,
		null
	]
]