[
	[
		"schema retrieval",
		"error",
		"error in external schema: missing schema schema definition",
		null,
		null,
		null,
		null
	]
]