{
	"1:3-6": {
		"hoverText": "a25"
	},
	"1:7-24": {
		"hoverText": "b"
	},
	"1:25-26": {
		"hoverText": "c"
	},
	"1:31-32": {
		"hoverText": "f"
	},
	"1:33-36": {
		"hoverText": "g"
	},
	"1:37-40": {
		"hoverText": "i"
	}
}