[
	[
		"property",
		"bar"
	],
	[
		"value",
		""
	],
	[
		"property",
		"foo"
	],
	[
		"value",
		""
	]
]