[
	[
		"property",
		"a1"
	],
	[
		"value",
		""
	],
	[
		"property",
		"b"
	],
	[
		"value",
		""
	],
	[
		"property",
		"c"
	],
	[
		"value",
		""
	]
]