{
	"1:6-8": {
		"hoverText": "b"
	},
	"1:9-11": {
		"hoverText": "c"
	}
}