[
	[ "deserialization", "error", "expected a string", 1, 3, 1, 4 ],
	[ "deserialization", "error", "value '' must not be quoted", 1, 9, 1, 11 ],
	[ "deserialization", "error", "superfluous element", 1, 12, 1, 14 ],
	[ "deserialization", "error", "superfluous element", 1, 15, 1, 16 ]
]