{
	"1:1-2": {
		"inToken": null,
		"afterToken": [
			" \"\" \"\""
		]
	},
	"1:3-4": {
		"inToken": [
			" \"\" \"\""
		],
		"afterToken": null
	}
}