[
    [ "deserialization", "error", "3 missing element(s): 'a22', 'b', 'c'", 1, 3, 1, 4]
]