[
	[
		"deserialization",
		"error",
		"expected the schema start (!) or root value",
		1,
		1,
		1,
		1
	],
	[
		"structure",
		"error",
		"missing (valid) schema",
		null,
		null,
		null,
		null
	]
]