{
	"6:10-13": {
		"hoverText": "b"
	},
	"7:10-13": {
		"hoverText": "c"
	}
}