{
	"1:1-2": {
		"inToken": null,
		"afterToken": [
			"\n    'a1': \"\"\n    'b': \"\"\n    'c': \"\"\n"
		]
	},
	"5:5-8": {
		"inToken": [
			"a1",
			"b",
			"c"
		],
		"afterToken": null
	},
	"6:5-8": {
		"inToken": null,
		"afterToken": [
			" \"\""
		]
	},
	"6:10-13": {
		"inToken": [
			"\"\""
		],
		"afterToken": null
	},
	"7:5-8": {
		"inToken": null,
		"afterToken": [
			" \"\""
		]
	},
	"7:10-13": {
		"inToken": [
			"\"\""
		],
		"afterToken": null
	}
}