{
	"20:10-13": {
		"hoverText": "b"
	},
	"21:10-11": {
		"hoverText": "c"
	}
}