[
	[
		"deserialization",
		"error",
		"2 missing element(s): 'b', 'c'",
		1,
		8,
		1,
		9
	]
]