[
	[
		"property",
		"y"
	],
	[
		"value",
		"5"
	]
]