[
	[
		"deserialization",
		"error",
		"unknown property: 'b'. Choose from 'c', 'd', 'e'",
		41,
		5,
		41,
		8
	]
]