[
	[
		"property",
		"c"
	],
	[
		"value",
		"C"
	],
	[
		"property",
		"d"
	],
	[
		"value",
		"D"
	],
	[
		"property",
		"e"
	],
	[
		"value",
		"E"
	]
]