{
	"39:10-11": {
		"hoverText": "c"
	},
	"43:104-105": {
		"hoverText": "d"
	},
	"46:5-6": {
		"hoverText": "e"
	}
}