[
	[
		"deserialization",
		"error",
		"unexpected property: 'b'",
		29,
		5,
		29,
		8
	]
]