{
	"25:1-2": {
		"inToken": null,
		"afterToken": [
			"\n    'c':\n"
		]
	},
	"27:5-8": {
		"inToken": null,
		"afterToken": [
			""
		]
	},
	"27:10-11": {
		"inToken": [
			""
		],
		"afterToken": null
	},
	"29:5-8": {
		"inToken": [
			"c"
		],
		"afterToken": null
	}
}