{
	"30:1-2": {
		"inToken": null,
		"afterToken": [
			"\n    'a1': \"\"\n    'b': \"\"\n    'c':\n"
		]
	},
	"31:5-8": {
		"inToken": [
			"a1",
			"b",
			"c"
		],
		"afterToken": null
	},
	"32:5-8": {
		"inToken": null,
		"afterToken": [
			" \"\""
		]
	},
	"32:10-13": {
		"inToken": [
			"\"\""
		],
		"afterToken": null
	},
	"33:5-8": {
		"inToken": null,
		"afterToken": [
			""
		]
	},
	"33:10-13": {
		"inToken": [
			""
		],
		"afterToken": null
	}
}