[
	[
		"property",
		"a1"
	],
	[
		"value",
		""
	],
	[
		"property",
		"b"
	],
	[
		"value",
		"X"
	],
	[
		"property",
		"c"
	],
	[
		"value",
		"C"
	]
]