{
	"32:10-13": {
		"hoverText": "b"
	},
	"33:10-13": {
		"hoverText": "c"
	}
}