[
    [ "deserialization", "warning", "expected a verbose type: ( )", 30, 1, 30, 2],
    [ "deserialization", "error", "unexpected property: 'a'. Choose from 'a1', 'b', 'c'", 31, 5, 31, 8],
    [ "deserialization", "error", "value 'C' must be unquoted", 33, 10, 33, 13]
]