{
	"1:9-10": {
		"inToken": null,
		"afterToken": [
			"\n    'y': \n"
		]
	},
	"2:1-2": {
		"inToken": null,
		"afterToken": null
	}
}