[
	[
		"deserialization",
		"error",
		"schema not found",
		1,
		3,
		1,
		8
	],
	[
		"deserialization",
		"warning",
		"ignoring invalid schema reference",
		1,
		3,
		1,
		8
	]
]