{
	"1:9-10": {
		"inToken": null,
		"afterToken": [
			"\n    'y':\n"
		]
	}
}