[
	[
		"deserialization",
		"error",
		"schema cannot be an empty string",
		1,
		3,
		1,
		5
	],
	[
		"structure",
		"error",
		"missing (valid) schema",
		null,
		null,
		null,
		null
	]
]