[
	[
		"deserialization",
		"error",
		"unknown option: 'c', choose from: 'a', 'b'",
		2,
		12,
		2,
		15
	],
	[
		"deserialization",
		"warning",
		"property 'y' has default value, remove",
		2,
		5,
		2,
		8
	]
]